Device: cuda
GPU: NVIDIA GeForce RTX 5080
VRAM: 17.1 GB
C:\Users\eb\AppData\Local\Programs\Python\Python310\lib\site-packages\torch\nn\modules\module.py:1369: UserWarning: expandable_segments not supported on this platform (Triggered internally at C:\actions-runner\_work\pytorch\pytorch\c10/cuda/CUDAAllocatorConfig.h:39.)
  return t.to(
Parameters: 521,570,560
LR schedule: CosineScheduler (peak 1.00e-03 -> min 1.00e-04)
Validation: 2,048 sequences (of 73,349), batch 8

Training config:
  Max steps:       1500
  Micro batch:     4
  Grad accum:      8
  Effective batch: 32
  Seq len:         1024
  Precision:       bf16
  Grad checkpoint: True
  Loss masking:    False
  Ckpt prefix:     abl_lr_1e3_0

step     50 | loss 8.1083 | lr 5.00e-04 | grad_norm 1.08 | 13,754 tok/s
step    100 | loss 6.7022 | lr 1.00e-03 | grad_norm 0.73 | 13,948 tok/s
step    150 | loss 6.1945 | lr 9.97e-04 | grad_norm 0.56 | 13,947 tok/s
step    200 | loss 5.8657 | lr 9.89e-04 | grad_norm 0.54 | 14,014 tok/s
step    250 | loss 5.6125 | lr 9.75e-04 | grad_norm 0.51 | 14,021 tok/s
step    300 | loss 5.4286 | lr 9.56e-04 | grad_norm 0.43 | 14,018 tok/s
step    350 | loss 5.2578 | lr 9.32e-04 | grad_norm 0.44 | 14,016 tok/s
step    400 | loss 5.1333 | lr 9.02e-04 | grad_norm 0.40 | 13,982 tok/s
step    450 | loss 5.0444 | lr 8.69e-04 | grad_norm 0.50 | 13,928 tok/s
step    500 | loss 4.9464 | lr 8.31e-04 | grad_norm 0.39 | 13,967 tok/s
  [eval] step 500 | val_loss 5.0822 | val_ppl 161.13
step    550 | loss 4.8452 | lr 7.90e-04 | grad_norm 0.38 | 9,995 tok/s
step    600 | loss 4.7464 | lr 7.46e-04 | grad_norm 0.39 | 13,007 tok/s
step    650 | loss 4.6132 | lr 7.00e-04 | grad_norm 0.38 | 13,004 tok/s
step    700 | loss 4.5709 | lr 6.51e-04 | grad_norm 0.35 | 13,011 tok/s
step    750 | loss 4.4213 | lr 6.01e-04 | grad_norm 0.35 | 13,003 tok/s
step    800 | loss 4.3721 | lr 5.51e-04 | grad_norm 0.34 | 13,007 tok/s
step    850 | loss 4.3193 | lr 5.01e-04 | grad_norm 0.38 | 13,003 tok/s
step    900 | loss 4.2772 | lr 4.51e-04 | grad_norm 0.36 | 13,006 tok/s
step    950 | loss 4.2345 | lr 4.02e-04 | grad_norm 0.34 | 13,007 tok/s
step   1000 | loss 4.1617 | lr 3.56e-04 | grad_norm 0.33 | 13,007 tok/s
  [eval] step 1000 | val_loss 4.3722 | val_ppl 79.22
step   1050 | loss 4.1693 | lr 3.11e-04 | grad_norm 0.33 | 10,005 tok/s
step   1100 | loss 4.0742 | lr 2.70e-04 | grad_norm 0.33 | 13,004 tok/s
step   1150 | loss 4.0738 | lr 2.33e-04 | grad_norm 0.32 | 13,014 tok/s
step   1200 | loss 4.0141 | lr 1.99e-04 | grad_norm 0.31 | 13,006 tok/s
step   1250 | loss 3.9788 | lr 1.70e-04 | grad_norm 0.32 | 13,004 tok/s
step   1300 | loss 3.9557 | lr 1.45e-04 | grad_norm 0.32 | 13,015 tok/s
step   1350 | loss 3.9559 | lr 1.26e-04 | grad_norm 0.31 | 13,004 tok/s
step   1400 | loss 3.9592 | lr 1.12e-04 | grad_norm 0.31 | 13,007 tok/s
step   1450 | loss 3.9494 | lr 1.03e-04 | grad_norm 0.33 | 13,007 tok/s
step   1500 | loss 3.9069 | lr 1.00e-04 | grad_norm 0.34 | 13,002 tok/s
  [eval] step 1500 | val_loss 4.1414 | val_ppl 62.89

Training complete. Final checkpoint: checkpoints/pretrain_abl_lr_1e3_0_final.pt
