Device: cuda
GPU: NVIDIA GeForce RTX 5080
VRAM: 17.1 GB
C:\Users\eb\AppData\Local\Programs\Python\Python310\lib\site-packages\torch\nn\modules\module.py:1369: UserWarning: expandable_segments not supported on this platform (Triggered internally at C:\actions-runner\_work\pytorch\pytorch\c10/cuda/CUDAAllocatorConfig.h:39.)
  return t.to(
Parameters: 521,570,560
LR schedule: CosineScheduler (peak 1.00e-03 -> min 1.00e-04)
Validation: 2,048 sequences (of 73,349), batch 8

Training config:
  Max steps:       1500
  Micro batch:     4
  Grad accum:      8
  Effective batch: 32
  Seq len:         1024
  Precision:       bf16
  Grad checkpoint: True
  Loss masking:    False
  Ckpt prefix:     abl_lr_sweep_3

step     50 | loss 8.1096 | lr 5.00e-04 | grad_norm 1.32 | 13,832 tok/s
step    100 | loss 6.6777 | lr 1.00e-03 | grad_norm 0.86 | 13,971 tok/s
step    150 | loss 6.1791 | lr 9.97e-04 | grad_norm 0.79 | 13,794 tok/s
step    200 | loss 5.8517 | lr 9.89e-04 | grad_norm 0.53 | 9,611 tok/s
step    250 | loss 5.6027 | lr 9.75e-04 | grad_norm 0.47 | 11,952 tok/s
step    300 | loss 5.4164 | lr 9.56e-04 | grad_norm 0.43 | 13,828 tok/s
