Device: cuda
GPU: NVIDIA GeForce RTX 5080
VRAM: 17.1 GB
C:\Users\Evan Borodow\AppData\Local\Programs\Python\Python310\lib\site-packages\torch\nn\modules\module.py:1369: UserWarning: expandable_segments not supported on this platform (Triggered internally at C:\actions-runner\_work\pytorch\pytorch\c10/cuda/CUDAAllocatorConfig.h:39.)
  return t.to(
Parameters: 521,570,560
LR schedule: CosineScheduler (peak 1.20e-04 -> min 1.20e-05)
Validation: 2,048 sequences (of 73,349), batch 8

Training config:
  Max steps:       1500
  Micro batch:     4
  Grad accum:      8
  Effective batch: 32
  Seq len:         1024
  Precision:       bf16
  Grad checkpoint: True
  Loss masking:    False
  Ckpt prefix:     abl_lr_sweep_0

step     50 | loss 9.2452 | lr 6.00e-05 | grad_norm 1.01 | 13,831 tok/s
step    100 | loss 7.2419 | lr 1.20e-04 | grad_norm 0.71 | 13,976 tok/s
step    150 | loss 6.5719 | lr 1.20e-04 | grad_norm 0.94 | 13,962 tok/s
step    200 | loss 6.1597 | lr 1.19e-04 | grad_norm 0.75 | 13,962 tok/s
step    250 | loss 5.8848 | lr 1.17e-04 | grad_norm 0.79 | 13,968 tok/s
step    300 | loss 5.6896 | lr 1.15e-04 | grad_norm 0.87 | 13,967 tok/s
step    350 | loss 5.5313 | lr 1.12e-04 | grad_norm 0.77 | 13,967 tok/s
step    400 | loss 5.4033 | lr 1.08e-04 | grad_norm 0.75 | 13,970 tok/s
step    450 | loss 5.3234 | lr 1.04e-04 | grad_norm 1.08 | 13,967 tok/s
step    500 | loss 5.2325 | lr 9.98e-05 | grad_norm 0.72 | 13,968 tok/s
  [eval] step 500 | val_loss 5.3607 | val_ppl 212.87
step    550 | loss 5.1566 | lr 9.48e-05 | grad_norm 0.92 | 10,569 tok/s
step    600 | loss 5.0899 | lr 8.95e-05 | grad_norm 0.80 | 13,966 tok/s
step    650 | loss 4.9990 | lr 8.39e-05 | grad_norm 0.77 | 13,968 tok/s
step    700 | loss 4.9872 | lr 7.81e-05 | grad_norm 0.72 | 13,969 tok/s
step    750 | loss 4.8789 | lr 7.22e-05 | grad_norm 0.70 | 13,968 tok/s
step    800 | loss 4.8611 | lr 6.61e-05 | grad_norm 0.70 | 13,963 tok/s
step    850 | loss 4.8186 | lr 6.01e-05 | grad_norm 0.80 | 13,971 tok/s
step    900 | loss 4.7855 | lr 5.41e-05 | grad_norm 0.69 | 13,968 tok/s
step    950 | loss 4.7554 | lr 4.83e-05 | grad_norm 0.72 | 13,966 tok/s
step   1000 | loss 4.7022 | lr 4.27e-05 | grad_norm 0.78 | 13,969 tok/s
  [eval] step 1000 | val_loss 4.8869 | val_ppl 132.54
step   1050 | loss 4.7170 | lr 3.74e-05 | grad_norm 0.71 | 10,564 tok/s
step   1100 | loss 4.6369 | lr 3.24e-05 | grad_norm 0.86 | 13,966 tok/s
step   1150 | loss 4.6426 | lr 2.79e-05 | grad_norm 0.73 | 13,970 tok/s
step   1200 | loss 4.5982 | lr 2.39e-05 | grad_norm 0.67 | 13,961 tok/s
step   1250 | loss 4.5760 | lr 2.03e-05 | grad_norm 0.69 | 13,958 tok/s
step   1300 | loss 4.5477 | lr 1.74e-05 | grad_norm 0.71 | 13,850 tok/s
step   1350 | loss 4.5625 | lr 1.51e-05 | grad_norm 0.74 | 13,827 tok/s
step   1400 | loss 4.5628 | lr 1.34e-05 | grad_norm 0.71 | 13,884 tok/s
step   1450 | loss 4.5629 | lr 1.24e-05 | grad_norm 0.65 | 13,885 tok/s
step   1500 | loss 4.5301 | lr 1.20e-05 | grad_norm 0.74 | 13,889 tok/s
  [eval] step 1500 | val_loss 4.7273 | val_ppl 112.99

Training complete. Final checkpoint: checkpoints/pretrain_abl_lr_sweep_0_final.pt
